24784 frames @ 60.00 · 52 slowed/still runs
      2.02-    3.80  1.78s dup 0.58 ≈ 0.42x
      7.35-    9.48  2.13s dup 0.50 ≈ 0.50x
     15.47-   19.40  3.93s dup 0.50 ≈ 0.50x
     22.18-   22.63  0.45s dup 0.59 ≈ 0.41x
     26.00-   29.63  3.63s dup 0.85 ≈ 0.15x
     36.52-   40.37  3.85s dup 0.97 ≈ 0.03x
     59.28-   68.25  8.97s dup 0.78 ≈ 0.22x
     81.90-   83.63  1.73s dup 0.50 ≈ 0.50x
     94.20-   94.60  0.40s dup 0.62 ≈ 0.38x
     99.07-   99.50  0.43s dup 0.73 ≈ 0.27x
    107.88-  110.92  3.03s dup 0.51 ≈ 0.49x
    118.85-  119.32  0.47s dup 0.61 ≈ 0.39x
    121.53-  125.07  3.53s dup 0.50 ≈ 0.50x
    131.72-  138.08  6.37s dup 0.65 ≈ 0.35x
    149.00-  154.67  5.67s dup 0.50 ≈ 0.50x
    159.95-  160.87  0.92s dup 0.84 ≈ 0.16x
    168.17-  171.50  3.33s dup 0.50 ≈ 0.50x
    172.35-  172.97  0.62s dup 0.54 ≈ 0.46x
    178.43-  180.87  2.43s dup 0.50 ≈ 0.50x
    187.58-  190.25  2.67s dup 0.54 ≈ 0.46x
    191.30-  192.55  1.25s dup 0.59 ≈ 0.41x
    192.93-  194.12  1.18s dup 0.51 ≈ 0.49x
    194.18-  194.72  0.53s dup 0.47 ≈ 0.53x
    196.12-  196.68  0.57s dup 0.65 ≈ 0.35x
    196.92-  197.32  0.40s dup 0.58 ≈ 0.42x
    203.77-  226.47 22.70s dup 0.57 ≈ 0.43x
    242.50-  243.05  0.55s dup 0.64 ≈ 0.36x
    245.83-  246.85  1.02s dup 0.74 ≈ 0.26x
    246.92-  247.47  0.55s dup 0.79 ≈ 0.21x
    262.43-  269.03  6.60s dup 0.74 ≈ 0.26x
    277.48-  288.23 10.75s dup 0.73 ≈ 0.27x
    289.23-  289.67  0.43s dup 0.46 ≈ 0.54x
    289.75-  293.28  3.53s dup 0.53 ≈ 0.47x
    299.68-  306.87  7.18s dup 0.71 ≈ 0.29x
    318.23-  321.87  3.63s dup 0.50 ≈ 0.50x
    324.30-  325.35  1.05s dup 0.54 ≈ 0.46x
    335.85-  336.52  0.67s dup 0.60 ≈ 0.40x
    339.25-  346.68  7.43s dup 0.50 ≈ 0.50x
    356.48-  356.97  0.48s dup 0.72 ≈ 0.28x
    357.68-  360.28  2.60s dup 0.89 ≈ 0.11x
    369.85-  375.48  5.63s dup 0.93 ≈ 0.07x
    375.75-  377.70  1.95s dup 0.60 ≈ 0.40x
    377.97-  378.87  0.90s dup 0.80 ≈ 0.20x
    379.08-  379.50  0.42s dup 0.60 ≈ 0.40x
    379.65-  380.33  0.68s dup 0.73 ≈ 0.27x
    380.70-  385.30  4.60s dup 0.79 ≈ 0.21x
    390.78-  391.82  1.03s dup 0.73 ≈ 0.27x
    392.22-  392.85  0.63s dup 0.66 ≈ 0.34x
    395.62-  396.82  1.20s dup 0.85 ≈ 0.15x
    397.13-  398.00  0.87s dup 0.85 ≈ 0.15x
    398.97-  399.63  0.67s dup 0.82 ≈ 0.18x
    403.43-  403.83  0.40s dup 0.67 ≈ 0.33x
