27912 frames @ 59.94 · 114 slowed/still runs
      0.28-    2.72  2.44s dup 0.92 ≈ 0.08x
      2.85-    3.42  0.57s dup 0.74 ≈ 0.26x
      4.47-    5.21  0.73s dup 0.73 ≈ 0.27x
      5.62-    9.19  3.57s dup 0.95 ≈ 0.05x
     14.62-   17.55  2.94s dup 0.50 ≈ 0.50x
     19.92-   23.87  3.95s dup 0.50 ≈ 0.50x
     24.09-   24.61  0.52s dup 0.58 ≈ 0.42x
     25.23-   26.69  1.47s dup 0.86 ≈ 0.14x
     27.64-   28.30  0.65s dup 0.82 ≈ 0.18x
     29.03-   30.70  1.67s dup 0.87 ≈ 0.13x
     32.78-   46.50 13.71s dup 0.62 ≈ 0.38x
     48.06-   50.87  2.80s dup 0.78 ≈ 0.22x
     51.00-   51.63  0.63s dup 0.63 ≈ 0.37x
     51.77-   52.49  0.72s dup 0.77 ≈ 0.23x
     54.55-   56.01  1.45s dup 0.74 ≈ 0.26x
     56.27-   57.94  1.67s dup 0.68 ≈ 0.32x
     58.59-   59.21  0.62s dup 0.54 ≈ 0.46x
     60.68-   63.45  2.77s dup 0.94 ≈ 0.06x
     65.78-   67.13  1.35s dup 0.86 ≈ 0.14x
     69.40-   74.49  5.09s dup 0.98 ≈ 0.02x
     74.97-   75.59  0.62s dup 0.81 ≈ 0.19x
     93.71-   94.13  0.42s dup 0.72 ≈ 0.28x
     95.11-   95.75  0.63s dup 0.68 ≈ 0.32x
     96.66-  103.12  6.46s dup 0.93 ≈ 0.07x
    103.85-  105.11  1.25s dup 0.72 ≈ 0.28x
    123.12-  128.91  5.79s dup 0.49 ≈ 0.51x
    129.61-  130.01  0.40s dup 0.62 ≈ 0.38x
    130.43-  136.72  6.29s dup 0.56 ≈ 0.44x
    137.49-  138.00  0.52s dup 0.52 ≈ 0.48x
    138.74-  139.61  0.87s dup 0.65 ≈ 0.35x
    139.81-  142.61  2.80s dup 0.80 ≈ 0.20x
    143.03-  143.76  0.73s dup 0.84 ≈ 0.16x
    145.68-  146.10  0.42s dup 0.72 ≈ 0.28x
    151.75-  156.81  5.06s dup 0.97 ≈ 0.03x
    157.59-  158.49  0.90s dup 0.52 ≈ 0.48x
    160.14-  160.64  0.50s dup 0.70 ≈ 0.30x
    163.00-  163.56  0.57s dup 0.74 ≈ 0.26x
    164.25-  165.16  0.92s dup 0.76 ≈ 0.24x
    166.10-  166.98  0.88s dup 0.85 ≈ 0.15x
    168.00-  171.50  3.50s dup 0.97 ≈ 0.03x
    172.56-  173.21  0.65s dup 0.79 ≈ 0.21x
    173.52-  181.30  7.77s dup 0.96 ≈ 0.04x
    182.33-  182.83  0.50s dup 0.77 ≈ 0.23x
    183.60-  184.65  1.05s dup 0.62 ≈ 0.38x
    184.87-  185.84  0.97s dup 0.66 ≈ 0.34x
    186.14-  191.09  4.95s dup 0.97 ≈ 0.03x
    192.26-  203.20 10.94s dup 0.56 ≈ 0.44x
    214.81-  215.58  0.77s dup 0.67 ≈ 0.33x
    218.20-  218.60  0.40s dup 0.50 ≈ 0.50x
    219.34-  219.75  0.42s dup 0.64 ≈ 0.36x
    221.62-  223.89  2.27s dup 0.95 ≈ 0.05x
    225.38-  225.78  0.40s dup 0.58 ≈ 0.42x
    226.38-  226.96  0.58s dup 0.71 ≈ 0.29x
    229.91-  230.50  0.58s dup 0.80 ≈ 0.20x
    230.88-  231.30  0.42s dup 0.64 ≈ 0.36x
    233.48-  242.56  9.08s dup 0.50 ≈ 0.50x
    243.38-  243.78  0.40s dup 0.71 ≈ 0.29x
    244.19-  244.90  0.70s dup 0.79 ≈ 0.21x
    245.09-  245.93  0.83s dup 0.80 ≈ 0.20x
    246.26-  247.06  0.80s dup 0.71 ≈ 0.29x
    250.35-  251.90  1.55s dup 0.57 ≈ 0.43x
    252.13-  252.77  0.63s dup 0.79 ≈ 0.21x
    253.52-  264.41 10.89s dup 0.62 ≈ 0.38x
    264.78-  267.28  2.50s dup 0.70 ≈ 0.30x
    268.42-  269.08  0.67s dup 0.82 ≈ 0.18x
    269.45-  270.45  1.00s dup 0.83 ≈ 0.17x
    270.62-  272.00  1.38s dup 0.75 ≈ 0.25x
    273.41-  274.11  0.70s dup 0.71 ≈ 0.29x
    274.31-  274.72  0.42s dup 0.72 ≈ 0.28x
    278.76-  282.10  3.34s dup 0.96 ≈ 0.04x
    286.55-  298.76 12.21s dup 0.76 ≈ 0.24x
    300.20-  300.60  0.40s dup 0.71 ≈ 0.29x
    301.37-  302.13  0.77s dup 0.67 ≈ 0.33x
    302.20-  302.67  0.47s dup 0.54 ≈ 0.46x
    303.10-  304.47  1.37s dup 0.80 ≈ 0.20x
    306.42-  309.58  3.15s dup 0.59 ≈ 0.41x
    310.94-  311.83  0.88s dup 0.87 ≈ 0.13x
    315.53-  316.23  0.70s dup 0.83 ≈ 0.17x
    320.20-  322.52  2.32s dup 0.59 ≈ 0.41x
    322.59-  322.99  0.40s dup 0.46 ≈ 0.54x
    323.17-  324.46  1.28s dup 0.86 ≈ 0.14x
    324.93-  327.74  2.82s dup 0.55 ≈ 0.45x
    328.28-  328.81  0.53s dup 0.66 ≈ 0.34x
    333.97-  335.22  1.25s dup 0.63 ≈ 0.37x
    335.57-  337.17  1.60s dup 0.93 ≈ 0.07x
    337.45-  341.21  3.75s dup 0.93 ≈ 0.07x
    343.09-  357.97 14.88s dup 0.80 ≈ 0.20x
    358.34-  358.76  0.42s dup 0.48 ≈ 0.52x
    359.21-  360.36  1.15s dup 0.86 ≈ 0.14x
    360.63-  362.28  1.65s dup 0.82 ≈ 0.18x
    363.03-  363.68  0.65s dup 0.82 ≈ 0.18x
    364.23-  364.75  0.52s dup 0.71 ≈ 0.29x
    365.45-  369.37  3.92s dup 0.91 ≈ 0.09x
    369.55-  370.69  1.13s dup 0.78 ≈ 0.22x
    371.92-  373.79  1.87s dup 0.87 ≈ 0.13x
    374.44-  375.64  1.20s dup 0.72 ≈ 0.28x
    377.73-  379.53  1.80s dup 0.50 ≈ 0.50x
    383.27-  384.45  1.18s dup 0.80 ≈ 0.20x
    395.08-  395.66  0.58s dup 0.80 ≈ 0.20x
    396.55-  408.24 11.70s dup 0.59 ≈ 0.41x
    410.98-  411.73  0.75s dup 0.64 ≈ 0.36x
    415.17-  421.82  6.66s dup 0.72 ≈ 0.28x
    422.66-  423.22  0.57s dup 0.79 ≈ 0.21x
    425.73-  426.23  0.50s dup 0.77 ≈ 0.23x
    427.18-  429.38  2.20s dup 0.68 ≈ 0.32x
    430.55-  430.96  0.42s dup 0.44 ≈ 0.56x
    431.26-  431.67  0.40s dup 0.50 ≈ 0.50x
    431.92-  434.78  2.87s dup 0.50 ≈ 0.50x
    441.93-  444.93  3.00s dup 0.49 ≈ 0.51x
    445.25-  445.93  0.68s dup 0.76 ≈ 0.24x
    450.00-  450.63  0.63s dup 0.74 ≈ 0.26x
    456.87-  459.89  3.02s dup 0.79 ≈ 0.21x
    460.51-  461.03  0.52s dup 0.71 ≈ 0.29x
    463.83-  465.28  1.45s dup 0.87 ≈ 0.13x
