16241 frames @ 59.94 · 76 slowed/still runs
      0.00-    2.12  2.12s dup 0.82 ≈ 0.18x
      3.57-    8.49  4.92s dup 0.55 ≈ 0.45x
     10.96-   11.63  0.67s dup 0.65 ≈ 0.35x
     12.51-   16.80  4.29s dup 0.91 ≈ 0.09x
     20.57-   24.26  3.69s dup 0.93 ≈ 0.07x
     24.44-   25.32  0.88s dup 0.70 ≈ 0.30x
     26.86-   27.29  0.43s dup 0.58 ≈ 0.42x
     27.66-   28.09  0.43s dup 0.62 ≈ 0.38x
     31.08-   31.82  0.73s dup 0.77 ≈ 0.23x
     33.63-   44.14 10.51s dup 0.97 ≈ 0.03x
     44.48-   50.12  5.64s dup 0.74 ≈ 0.26x
     50.58-   51.23  0.65s dup 0.64 ≈ 0.36x
     52.02-   52.72  0.70s dup 0.64 ≈ 0.36x
     53.17-   53.79  0.62s dup 0.62 ≈ 0.38x
     54.54-   54.95  0.42s dup 0.72 ≈ 0.28x
     55.29-   57.02  1.74s dup 0.92 ≈ 0.08x
     57.34-   65.02  7.67s dup 0.96 ≈ 0.04x
     65.53-   66.10  0.57s dup 0.62 ≈ 0.38x
     72.87-   73.86  0.98s dup 0.56 ≈ 0.44x
     74.12-   78.06  3.94s dup 0.97 ≈ 0.03x
     80.73-   81.20  0.47s dup 0.68 ≈ 0.32x
     82.30-   82.78  0.48s dup 0.52 ≈ 0.48x
     83.75-   90.81  7.06s dup 0.96 ≈ 0.04x
     91.21-   91.97  0.77s dup 0.78 ≈ 0.22x
     92.09-   92.58  0.48s dup 0.72 ≈ 0.28x
     92.84-   94.01  1.17s dup 0.77 ≈ 0.23x
     94.94-   95.55  0.60s dup 0.78 ≈ 0.22x
     99.08-   99.82  0.73s dup 0.68 ≈ 0.32x
    100.17-  102.25  2.09s dup 0.93 ≈ 0.07x
    102.54-  103.07  0.53s dup 0.50 ≈ 0.50x
    103.20-  104.54  1.33s dup 0.64 ≈ 0.36x
    104.86-  109.33  4.47s dup 0.97 ≈ 0.03x
    109.69-  110.21  0.52s dup 0.52 ≈ 0.48x
    111.66-  112.16  0.50s dup 0.50 ≈ 0.50x
    112.48-  113.38  0.90s dup 0.59 ≈ 0.41x
    114.35-  116.45  2.10s dup 0.92 ≈ 0.08x
    118.02-  119.52  1.50s dup 0.87 ≈ 0.13x
    120.42-  129.61  9.19s dup 0.95 ≈ 0.05x
    129.91-  133.00  3.09s dup 0.84 ≈ 0.16x
    133.43-  134.30  0.87s dup 0.65 ≈ 0.35x
    135.25-  139.44  4.19s dup 0.92 ≈ 0.08x
    141.14-  141.62  0.48s dup 0.72 ≈ 0.28x
    144.26-  144.79  0.53s dup 0.66 ≈ 0.34x
    148.37-  149.78  1.42s dup 0.82 ≈ 0.18x
    151.87-  154.89  3.02s dup 0.96 ≈ 0.04x
    160.58-  168.17  7.59s dup 0.94 ≈ 0.06x
    168.20-  169.65  1.45s dup 0.71 ≈ 0.29x
    170.57-  170.99  0.42s dup 0.72 ≈ 0.28x
    171.30-  173.06  1.75s dup 0.90 ≈ 0.10x
    176.06-  176.48  0.42s dup 0.68 ≈ 0.32x
    177.49-  180.75  3.25s dup 0.72 ≈ 0.28x
    183.43-  193.04  9.61s dup 0.96 ≈ 0.04x
    193.23-  193.74  0.52s dup 0.65 ≈ 0.35x
    194.24-  196.86  2.62s dup 0.83 ≈ 0.17x
    197.40-  197.90  0.50s dup 0.77 ≈ 0.23x
    199.40-  211.40 12.00s dup 0.98 ≈ 0.02x
    212.51-  216.85  4.34s dup 0.95 ≈ 0.05x
    217.25-  217.82  0.57s dup 0.65 ≈ 0.35x
    218.53-  218.97  0.43s dup 0.46 ≈ 0.54x
    219.25-  222.47  3.22s dup 0.96 ≈ 0.04x
    222.96-  223.54  0.58s dup 0.66 ≈ 0.34x
    223.76-  224.86  1.10s dup 0.80 ≈ 0.20x
    225.49-  225.96  0.47s dup 0.75 ≈ 0.25x
    226.23-  227.34  1.12s dup 0.66 ≈ 0.34x
    227.91-  232.31  4.40s dup 0.87 ≈ 0.13x
    232.62-  234.37  1.75s dup 0.90 ≈ 0.10x
    237.49-  243.48  5.99s dup 0.89 ≈ 0.11x
    244.64-  245.15  0.50s dup 0.47 ≈ 0.53x
    245.16-  247.40  2.24s dup 0.56 ≈ 0.44x
    251.62-  252.05  0.43s dup 0.73 ≈ 0.27x
    253.94-  257.54  3.60s dup 0.88 ≈ 0.12x
    257.66-  258.69  1.03s dup 0.60 ≈ 0.40x
    260.19-  260.76  0.57s dup 0.74 ≈ 0.26x
    263.50-  266.12  2.62s dup 0.94 ≈ 0.06x
    267.97-  268.45  0.48s dup 0.76 ≈ 0.24x
    270.24-  270.95  0.72s dup 0.81 ≈ 0.19x
