[youtube] Extracting URL: https://www.youtube.com/watch?v=kVsCNiR2ak8
[youtube] kVsCNiR2ak8: Downloading webpage
WARNING: [youtube] kVsCNiR2ak8: Unable to download webpage: HTTP Error 429: Too Many Requests (caused by <HTTPError 429: Too Many Requests>)
[youtube] kVsCNiR2ak8: Downloading initial data API JSON
[youtube] kVsCNiR2ak8: Downloading web embedded client config
[youtube] kVsCNiR2ak8: Downloading player f2999a12-main
[youtube] kVsCNiR2ak8: Downloading web embedded player API JSON
[youtube] [jsc:deno] Solving JS challenges using deno
[youtube] Downloading comment section API JSON
[youtube] Downloading ~2201 comments
[youtube] Sorting comments by top
[youtube] Downloading comment API JSON page 1 (0/~2201)
[youtube] Downloading comment API JSON page 2 (20/~2201)
[youtube] Downloading comment API JSON page 3 (40/~2201)
[youtube] Downloading comment API JSON page 4 (60/~2201)
[youtube] Downloading comment API JSON page 5 (80/~2201)
[youtube] Downloading comment API JSON page 6 (100/~2201)
[youtube] Downloading comment API JSON page 7 (120/~2201)
[youtube] Downloading comment API JSON page 8 (140/~2201)
[youtube] Downloading comment API JSON page 9 (160/~2201)
[youtube] Downloading comment API JSON page 10 (180/~2201)
[youtube] Downloading comment API JSON page 11 (200/~2201)
[youtube] Downloading comment API JSON page 12 (220/~2201)
[youtube] Downloading comment API JSON page 13 (240/~2201)
[youtube] Downloading comment API JSON page 14 (260/~2201)
[youtube] Downloading comment API JSON page 15 (280/~2201)
[youtube] Downloading comment API JSON page 16 (300/~2201)
[youtube] Downloading comment API JSON page 17 (320/~2201)
[youtube] Downloading comment API JSON page 18 (340/~2201)
[youtube] Downloading comment API JSON page 19 (360/~2201)
[youtube] Downloading comment API JSON page 20 (380/~2201)
[youtube] Downloading comment API JSON page 21 (400/~2201)
[youtube] Downloading comment API JSON page 22 (420/~2201)
[youtube] Downloading comment API JSON page 23 (440/~2201)
[youtube] Downloading comment API JSON page 24 (460/~2201)
[youtube] Downloading comment API JSON page 25 (480/~2201)
[youtube] Downloading comment API JSON page 26 (500/~2201)
[youtube] Downloading comment API JSON page 27 (520/~2201)
[youtube] Downloading comment API JSON page 28 (540/~2201)
[youtube] Downloading comment API JSON page 29 (560/~2201)
[youtube] Downloading comment API JSON page 30 (580/~2201)
[youtube] Extracted 600 comments
[info] kVsCNiR2ak8: Downloading 1 format(s): 399+251-7
[info] Writing video metadata as JSON to: kVsCNiR2ak8.info.json
