26349 frames @ 59.94 · 90 slowed/still runs
      2.22-    2.62  0.40s dup 0.67 ≈ 0.33x
      2.95-    3.44  0.48s dup 0.72 ≈ 0.28x
      7.16-    7.82  0.67s dup 0.80 ≈ 0.20x
      8.01-    8.99  0.98s dup 0.69 ≈ 0.31x
      9.31-    9.79  0.48s dup 0.66 ≈ 0.34x
     19.20-   19.62  0.42s dup 0.72 ≈ 0.28x
     23.06-   29.00  5.94s dup 0.98 ≈ 0.02x
     37.24-   37.84  0.60s dup 0.58 ≈ 0.42x
     42.48-   48.05  5.57s dup 0.96 ≈ 0.04x
     54.04-   54.50  0.47s dup 0.64 ≈ 0.36x
     55.89-   61.03  5.14s dup 0.98 ≈ 0.02x
     76.76-   77.29  0.53s dup 0.59 ≈ 0.41x
     79.55-   80.68  1.13s dup 0.66 ≈ 0.34x
     82.38-   83.20  0.82s dup 0.57 ≈ 0.43x
     85.57-   87.42  1.85s dup 0.82 ≈ 0.18x
     91.46-   91.89  0.43s dup 0.58 ≈ 0.42x
     92.96-   93.74  0.78s dup 0.43 ≈ 0.57x
    104.62-  107.81  3.19s dup 0.82 ≈ 0.18x
    112.81-  113.28  0.47s dup 0.75 ≈ 0.25x
    116.90-  128.28 11.38s dup 0.51 ≈ 0.49x
    128.65-  130.33  1.69s dup 0.75 ≈ 0.25x
    130.76-  131.50  0.73s dup 0.82 ≈ 0.18x
    132.22-  133.70  1.48s dup 0.92 ≈ 0.08x
    133.90-  134.99  1.08s dup 0.88 ≈ 0.12x
    142.79-  144.16  1.37s dup 0.62 ≈ 0.38x
    144.53-  145.46  0.93s dup 0.77 ≈ 0.23x
    148.23-  149.15  0.92s dup 0.80 ≈ 0.20x
    151.32-  154.82  3.50s dup 0.84 ≈ 0.16x
    159.39-  159.89  0.50s dup 0.60 ≈ 0.40x
    159.94-  161.33  1.38s dup 0.77 ≈ 0.23x
    162.81-  164.73  1.92s dup 0.80 ≈ 0.20x
    169.95-  175.56  5.61s dup 0.98 ≈ 0.02x
    175.88-  176.49  0.62s dup 0.68 ≈ 0.32x
    181.15-  181.90  0.75s dup 0.69 ≈ 0.31x
    183.93-  190.16  6.22s dup 0.98 ≈ 0.02x
    190.96-  191.41  0.45s dup 0.70 ≈ 0.30x
    194.14-  194.71  0.57s dup 0.79 ≈ 0.21x
    196.05-  196.60  0.55s dup 0.76 ≈ 0.24x
    200.62-  206.79  6.17s dup 0.97 ≈ 0.03x
    208.43-  215.12  6.69s dup 0.90 ≈ 0.10x
    215.28-  215.85  0.57s dup 0.79 ≈ 0.21x
    218.84-  219.60  0.77s dup 0.61 ≈ 0.39x
    223.36-  223.89  0.53s dup 0.75 ≈ 0.25x
    226.79-  227.94  1.15s dup 0.62 ≈ 0.38x
    235.79-  236.39  0.60s dup 0.67 ≈ 0.33x
    237.85-  238.99  1.13s dup 0.76 ≈ 0.24x
    240.47-  243.31  2.84s dup 0.75 ≈ 0.25x
    243.54-  244.44  0.90s dup 0.57 ≈ 0.43x
    244.68-  254.92 10.24s dup 0.54 ≈ 0.46x
    255.39-  256.02  0.63s dup 0.74 ≈ 0.26x
    256.46-  257.77  1.32s dup 0.67 ≈ 0.33x
    259.78-  260.83  1.05s dup 0.78 ≈ 0.22x
    267.70-  271.95  4.25s dup 0.51 ≈ 0.49x
    272.27-  272.87  0.60s dup 0.69 ≈ 0.31x
    273.24-  273.64  0.40s dup 0.67 ≈ 0.33x
    273.81-  274.32  0.52s dup 0.74 ≈ 0.26x
    274.66-  275.29  0.63s dup 0.71 ≈ 0.29x
    278.03-  285.84  7.81s dup 0.98 ≈ 0.02x
    287.80-  293.29  5.49s dup 0.93 ≈ 0.07x
    298.31-  298.85  0.53s dup 0.62 ≈ 0.38x
    299.28-  305.54  6.26s dup 0.97 ≈ 0.03x
    309.29-  309.96  0.67s dup 0.82 ≈ 0.18x
    310.79-  311.19  0.40s dup 0.71 ≈ 0.29x
    311.66-  313.68  2.02s dup 0.93 ≈ 0.07x
    315.10-  323.49  8.39s dup 0.96 ≈ 0.04x
    326.46-  334.10  7.64s dup 0.98 ≈ 0.02x
    335.52-  336.55  1.03s dup 0.56 ≈ 0.44x
    336.89-  342.53  5.64s dup 0.92 ≈ 0.08x
    342.98-  344.34  1.37s dup 0.90 ≈ 0.10x
    348.25-  355.69  7.44s dup 0.98 ≈ 0.02x
    359.84-  360.51  0.67s dup 0.60 ≈ 0.40x
    361.11-  362.19  1.08s dup 0.65 ≈ 0.35x
    362.30-  363.86  1.57s dup 0.78 ≈ 0.22x
    363.95-  365.98  2.04s dup 0.71 ≈ 0.29x
    368.88-  372.99  4.10s dup 0.97 ≈ 0.03x
    375.34-  375.86  0.52s dup 0.77 ≈ 0.23x
    376.53-  381.15  4.62s dup 0.97 ≈ 0.03x
    382.75-  383.15  0.40s dup 0.71 ≈ 0.29x
    384.23-  387.54  3.30s dup 0.95 ≈ 0.05x
    391.06-  398.25  7.19s dup 0.97 ≈ 0.03x
    398.73-  399.13  0.40s dup 0.62 ≈ 0.38x
    399.21-  399.70  0.48s dup 0.52 ≈ 0.48x
    400.32-  400.80  0.48s dup 0.72 ≈ 0.28x
    402.05-  404.09  2.04s dup 0.49 ≈ 0.51x
    406.14-  416.42 10.28s dup 0.59 ≈ 0.41x
    416.88-  417.32  0.43s dup 0.73 ≈ 0.27x
    418.38-  424.87  6.49s dup 0.50 ≈ 0.50x
    428.56-  430.68  2.12s dup 0.90 ≈ 0.10x
    433.12-  433.55  0.43s dup 0.73 ≈ 0.27x
    434.23-  434.73  0.50s dup 0.70 ≈ 0.30x
