29876 frames @ 60.00 · 66 slowed/still runs
      2.18-    4.88  2.70s dup 0.51 ≈ 0.49x
      5.63-    9.73  4.10s dup 0.49 ≈ 0.51x
     24.42-   29.93  5.52s dup 0.50 ≈ 0.50x
     31.85-   32.32  0.47s dup 0.75 ≈ 0.25x
     35.25-   39.58  4.33s dup 0.49 ≈ 0.51x
     39.75-   40.77  1.02s dup 0.56 ≈ 0.44x
     41.08-   41.73  0.65s dup 0.62 ≈ 0.38x
     41.88-   42.47  0.58s dup 0.71 ≈ 0.29x
     56.40-   57.92  1.52s dup 0.73 ≈ 0.27x
     59.47-   67.45  7.98s dup 0.65 ≈ 0.35x
     69.25-   69.80  0.55s dup 0.79 ≈ 0.21x
     72.03-   72.77  0.73s dup 0.82 ≈ 0.18x
     74.58-   75.13  0.55s dup 0.55 ≈ 0.45x
     77.18-   83.13  5.95s dup 0.76 ≈ 0.24x
     85.55-   86.18  0.63s dup 0.82 ≈ 0.18x
     89.13-   96.17  7.03s dup 0.55 ≈ 0.45x
     98.68-  103.23  4.55s dup 0.49 ≈ 0.51x
    122.23-  128.67  6.43s dup 0.72 ≈ 0.28x
    133.98-  137.63  3.65s dup 0.97 ≈ 0.03x
    140.40-  143.30  2.90s dup 0.50 ≈ 0.50x
    146.62-  152.95  6.33s dup 0.52 ≈ 0.48x
    155.58-  156.03  0.45s dup 0.70 ≈ 0.30x
    156.92-  157.33  0.42s dup 0.44 ≈ 0.56x
    161.90-  162.30  0.40s dup 0.71 ≈ 0.29x
    163.30-  163.83  0.53s dup 0.78 ≈ 0.22x
    164.63-  176.33 11.70s dup 0.71 ≈ 0.29x
    180.60-  183.95  3.35s dup 0.91 ≈ 0.09x
    185.00-  192.13  7.13s dup 0.64 ≈ 0.36x
    193.07-  193.47  0.40s dup 0.71 ≈ 0.29x
    195.65-  196.13  0.48s dup 0.76 ≈ 0.24x
    200.62-  201.05  0.43s dup 0.73 ≈ 0.27x
    205.68-  206.20  0.52s dup 0.68 ≈ 0.32x
    208.05-  211.73  3.68s dup 0.68 ≈ 0.32x
    212.53-  213.73  1.20s dup 0.78 ≈ 0.22x
    213.88-  214.45  0.57s dup 0.68 ≈ 0.32x
    224.42-  228.95  4.53s dup 0.65 ≈ 0.35x
    234.08-  237.27  3.18s dup 0.95 ≈ 0.05x
    239.20-  246.02  6.82s dup 0.78 ≈ 0.22x
    248.43-  248.90  0.47s dup 0.71 ≈ 0.29x
    256.70-  266.30  9.60s dup 0.51 ≈ 0.49x
    266.70-  267.13  0.43s dup 0.50 ≈ 0.50x
    267.47-  279.68 12.22s dup 0.73 ≈ 0.27x
    288.68-  292.58  3.90s dup 0.82 ≈ 0.18x
    293.73-  294.42  0.68s dup 0.76 ≈ 0.24x
    296.47-  300.37  3.90s dup 0.50 ≈ 0.50x
    305.80-  306.22  0.42s dup 0.44 ≈ 0.56x
    308.37-  308.83  0.47s dup 0.71 ≈ 0.29x
    310.50-  316.18  5.68s dup 0.55 ≈ 0.45x
    329.43-  331.83  2.40s dup 0.51 ≈ 0.49x
    337.93-  356.63 18.70s dup 0.64 ≈ 0.36x
    364.68-  365.98  1.30s dup 0.91 ≈ 0.09x
    367.55-  377.08  9.53s dup 0.71 ≈ 0.29x
    382.90-  395.83 12.93s dup 0.50 ≈ 0.50x
    396.65-  397.63  0.98s dup 0.56 ≈ 0.44x
    400.37-  403.70  3.33s dup 0.58 ≈ 0.42x
    404.67-  417.57 12.90s dup 0.50 ≈ 0.50x
    423.47-  423.87  0.40s dup 0.71 ≈ 0.29x
    425.48-  434.42  8.93s dup 0.49 ≈ 0.51x
    435.28-  435.70  0.42s dup 0.68 ≈ 0.32x
    444.40-  444.82  0.42s dup 0.60 ≈ 0.40x
    445.82-  456.30 10.48s dup 0.70 ≈ 0.30x
    456.70-  457.27  0.57s dup 0.71 ≈ 0.29x
    462.93-  467.92  4.98s dup 0.87 ≈ 0.13x
    468.37-  471.80  3.43s dup 0.51 ≈ 0.49x
    475.27-  482.93  7.67s dup 0.78 ≈ 0.22x
    485.12-  485.52  0.40s dup 0.67 ≈ 0.33x
