21623 frames @ 59.94 · 76 slowed/still runs
      1.40-    1.87  0.47s dup 0.75 ≈ 0.25x
      2.08-    2.82  0.73s dup 0.84 ≈ 0.16x
      5.86-    8.31  2.45s dup 0.95 ≈ 0.05x
      9.64-   10.34  0.70s dup 0.79 ≈ 0.21x
     13.78-   14.78  1.00s dup 0.77 ≈ 0.23x
     17.72-   20.44  2.72s dup 0.91 ≈ 0.09x
     21.22-   29.60  8.38s dup 0.96 ≈ 0.04x
     34.37-   35.05  0.68s dup 0.83 ≈ 0.17x
     38.74-   39.54  0.80s dup 0.58 ≈ 0.42x
     39.71-   41.23  1.52s dup 0.91 ≈ 0.09x
     42.29-   42.74  0.45s dup 0.74 ≈ 0.26x
     43.86-   44.48  0.62s dup 0.62 ≈ 0.38x
     44.58-   45.23  0.65s dup 0.74 ≈ 0.26x
     45.63-   46.45  0.82s dup 0.55 ≈ 0.45x
     58.77-   60.81  2.04s dup 0.93 ≈ 0.07x
     67.78-   69.45  1.67s dup 0.90 ≈ 0.10x
     70.12-   73.04  2.92s dup 0.90 ≈ 0.10x
     74.46-   77.98  3.52s dup 0.96 ≈ 0.04x
     78.98-   82.57  3.59s dup 0.88 ≈ 0.12x
     90.16-   90.97  0.82s dup 0.86 ≈ 0.14x
     93.09-   93.64  0.55s dup 0.79 ≈ 0.21x
     94.24-   94.76  0.52s dup 0.71 ≈ 0.29x
     95.73-   96.58  0.85s dup 0.86 ≈ 0.14x
    102.50-  106.57  4.07s dup 0.97 ≈ 0.03x
    106.84-  109.13  2.29s dup 0.86 ≈ 0.14x
    111.48-  117.33  5.86s dup 0.94 ≈ 0.06x
    118.27-  118.92  0.65s dup 0.79 ≈ 0.21x
    119.60-  120.02  0.42s dup 0.72 ≈ 0.28x
    123.09-  123.59  0.50s dup 0.77 ≈ 0.23x
    125.91-  134.63  8.73s dup 0.97 ≈ 0.03x
    142.41-  145.43  3.02s dup 0.96 ≈ 0.04x
    152.85-  154.12  1.27s dup 0.76 ≈ 0.24x
    155.04-  162.55  7.51s dup 0.92 ≈ 0.08x
    163.58-  171.56  7.97s dup 0.96 ≈ 0.04x
    172.41-  180.41  8.01s dup 0.93 ≈ 0.07x
    181.25-  181.87  0.62s dup 0.81 ≈ 0.19x
    183.20-  187.79  4.59s dup 0.97 ≈ 0.03x
    189.12-  190.89  1.77s dup 0.84 ≈ 0.16x
    191.19-  191.69  0.50s dup 0.77 ≈ 0.23x
    192.14-  193.96  1.82s dup 0.92 ≈ 0.08x
    195.73-  198.08  2.35s dup 0.62 ≈ 0.38x
    199.23-  202.07  2.84s dup 0.95 ≈ 0.05x
    205.49-  208.84  3.35s dup 0.97 ≈ 0.03x
    211.48-  214.33  2.85s dup 0.87 ≈ 0.13x
    215.38-  217.62  2.24s dup 0.93 ≈ 0.07x
    220.00-  220.89  0.88s dup 0.83 ≈ 0.17x
    224.16-  232.50  8.34s dup 0.97 ≈ 0.03x
    233.23-  245.29 12.06s dup 0.92 ≈ 0.08x
    246.75-  250.00  3.25s dup 0.82 ≈ 0.18x
    254.15-  264.25 10.09s dup 0.92 ≈ 0.08x
    265.25-  265.75  0.50s dup 0.57 ≈ 0.43x
    266.27-  269.40  3.14s dup 0.93 ≈ 0.07x
    269.72-  272.97  3.25s dup 0.96 ≈ 0.04x
    273.17-  274.99  1.82s dup 0.90 ≈ 0.10x
    275.46-  275.86  0.40s dup 0.50 ≈ 0.50x
    276.24-  277.99  1.75s dup 0.78 ≈ 0.22x
    278.39-  279.16  0.77s dup 0.67 ≈ 0.33x
    279.18-  280.61  1.43s dup 0.74 ≈ 0.26x
    282.20-  285.87  3.67s dup 0.89 ≈ 0.11x
    286.35-  287.15  0.80s dup 0.85 ≈ 0.15x
    287.34-  289.47  2.14s dup 0.78 ≈ 0.22x
    290.32-  290.92  0.60s dup 0.72 ≈ 0.28x
    291.14-  291.88  0.73s dup 0.84 ≈ 0.16x
    292.19-  294.29  2.10s dup 0.82 ≈ 0.18x
    295.30-  299.17  3.87s dup 0.96 ≈ 0.04x
    300.92-  303.67  2.75s dup 0.82 ≈ 0.18x
    305.29-  305.94  0.65s dup 0.82 ≈ 0.18x
    309.93-  310.33  0.40s dup 0.71 ≈ 0.29x
    310.64-  311.16  0.52s dup 0.74 ≈ 0.26x
    313.30-  319.92  6.62s dup 0.94 ≈ 0.06x
    321.32-  322.31  0.98s dup 0.88 ≈ 0.12x
    323.99-  342.94 18.95s dup 0.98 ≈ 0.02x
    345.83-  352.19  6.36s dup 0.98 ≈ 0.02x
    354.79-  355.24  0.45s dup 0.74 ≈ 0.26x
    356.92-  357.87  0.95s dup 0.65 ≈ 0.35x
    359.06-  359.51  0.45s dup 0.74 ≈ 0.26x
