24852 frames @ 59.94 · 90 slowed/still runs
      2.50-    3.15  0.65s dup 0.49 ≈ 0.51x
      3.60-    4.07  0.47s dup 0.64 ≈ 0.36x
      4.82-    5.34  0.52s dup 0.68 ≈ 0.32x
      5.77-    7.17  1.40s dup 0.86 ≈ 0.14x
      8.22-    9.51  1.28s dup 0.81 ≈ 0.19x
     11.04-   12.70  1.65s dup 0.78 ≈ 0.22x
     15.83-   16.27  0.43s dup 0.62 ≈ 0.38x
     24.22-   30.53  6.31s dup 0.49 ≈ 0.51x
     34.47-   35.00  0.53s dup 0.75 ≈ 0.25x
     36.94-   49.17 12.23s dup 0.64 ≈ 0.36x
     53.37-   53.87  0.50s dup 0.77 ≈ 0.23x
     54.60-   55.12  0.52s dup 0.77 ≈ 0.23x
     55.87-   62.30  6.42s dup 0.49 ≈ 0.51x
     68.52-   68.95  0.43s dup 0.62 ≈ 0.38x
     69.14-   69.57  0.43s dup 0.73 ≈ 0.27x
     72.89-   77.53  4.64s dup 0.52 ≈ 0.48x
     78.14-   79.33  1.18s dup 0.82 ≈ 0.18x
     80.95-   82.50  1.55s dup 0.83 ≈ 0.17x
     85.05-   85.50  0.45s dup 0.70 ≈ 0.30x
     86.34-   87.15  0.82s dup 0.67 ≈ 0.33x
     87.55-   96.06  8.51s dup 0.58 ≈ 0.42x
     97.21-   97.75  0.53s dup 0.78 ≈ 0.22x
    100.60-  101.44  0.83s dup 0.54 ≈ 0.46x
    101.52-  105.64  4.12s dup 0.46 ≈ 0.54x
    105.77-  106.27  0.50s dup 0.57 ≈ 0.43x
    106.62-  107.17  0.55s dup 0.76 ≈ 0.24x
    107.56-  108.08  0.52s dup 0.58 ≈ 0.42x
    108.81-  112.65  3.84s dup 0.59 ≈ 0.41x
    115.61-  116.52  0.90s dup 0.54 ≈ 0.46x
    116.67-  121.99  5.32s dup 0.96 ≈ 0.04x
    122.17-  125.86  3.69s dup 0.90 ≈ 0.10x
    128.59-  135.59  6.99s dup 0.83 ≈ 0.17x
    136.74-  137.47  0.73s dup 0.82 ≈ 0.18x
    139.02-  141.91  2.89s dup 0.50 ≈ 0.50x
    145.56-  152.28  6.72s dup 0.67 ≈ 0.33x
    152.55-  153.97  1.42s dup 0.73 ≈ 0.27x
    161.24-  162.85  1.60s dup 0.73 ≈ 0.27x
    168.62-  169.34  0.72s dup 0.65 ≈ 0.35x
    169.35-  180.10 10.74s dup 0.50 ≈ 0.50x
    183.68-  184.15  0.47s dup 0.75 ≈ 0.25x
    184.69-  185.13  0.45s dup 0.70 ≈ 0.30x
    185.72-  188.46  2.74s dup 0.82 ≈ 0.18x
    189.49-  189.96  0.47s dup 0.71 ≈ 0.29x
    190.64-  197.30  6.66s dup 0.94 ≈ 0.06x
    198.62-  202.22  3.60s dup 0.82 ≈ 0.18x
    202.24-  203.92  1.69s dup 0.63 ≈ 0.37x
    204.35-  205.67  1.32s dup 0.76 ≈ 0.24x
    207.67-  215.80  8.12s dup 0.50 ≈ 0.50x
    217.92-  218.82  0.90s dup 0.70 ≈ 0.30x
    221.84-  226.63  4.79s dup 0.51 ≈ 0.49x
    227.91-  229.60  1.69s dup 0.82 ≈ 0.18x
    235.92-  241.09  5.17s dup 0.51 ≈ 0.49x
    242.84-  248.15  5.31s dup 0.50 ≈ 0.50x
    248.91-  250.07  1.15s dup 0.71 ≈ 0.29x
    260.73-  261.34  0.62s dup 0.70 ≈ 0.30x
    262.35-  270.24  7.89s dup 0.51 ≈ 0.49x
    270.99-  271.42  0.43s dup 0.73 ≈ 0.27x
    271.61-  272.87  1.27s dup 0.91 ≈ 0.09x
    273.71-  281.13  7.42s dup 0.89 ≈ 0.11x
    283.27-  284.27  1.00s dup 0.82 ≈ 0.18x
    286.34-  295.66  9.33s dup 0.84 ≈ 0.16x
    298.40-  298.87  0.47s dup 0.75 ≈ 0.25x
    301.74-  302.89  1.15s dup 0.67 ≈ 0.33x
    303.19-  304.20  1.02s dup 0.74 ≈ 0.26x
    304.67-  306.61  1.94s dup 0.75 ≈ 0.25x
    306.72-  307.27  0.55s dup 0.64 ≈ 0.36x
    308.82-  310.08  1.25s dup 0.83 ≈ 0.17x
    310.36-  316.20  5.84s dup 0.91 ≈ 0.09x
    316.65-  319.05  2.40s dup 0.51 ≈ 0.49x
    321.59-  326.03  4.44s dup 0.55 ≈ 0.45x
    326.16-  326.91  0.75s dup 0.73 ≈ 0.27x
    327.18-  333.82  6.64s dup 0.88 ≈ 0.12x
    336.00-  339.97  3.97s dup 0.53 ≈ 0.47x
    340.49-  341.06  0.57s dup 0.65 ≈ 0.35x
    341.71-  342.32  0.62s dup 0.81 ≈ 0.19x
    345.21-  345.64  0.43s dup 0.62 ≈ 0.38x
    346.51-  356.81 10.29s dup 0.55 ≈ 0.45x
    359.12-  359.64  0.52s dup 0.65 ≈ 0.35x
    361.29-  361.69  0.40s dup 0.46 ≈ 0.54x
    362.56-  371.05  8.49s dup 0.51 ≈ 0.49x
    372.76-  373.16  0.40s dup 0.71 ≈ 0.29x
    373.57-  374.22  0.65s dup 0.49 ≈ 0.51x
    375.43-  377.69  2.27s dup 0.88 ≈ 0.12x
    381.51-  382.38  0.87s dup 0.77 ≈ 0.23x
    385.24-  389.99  4.75s dup 0.50 ≈ 0.50x
    391.22-  391.96  0.73s dup 0.68 ≈ 0.32x
    394.76-  395.19  0.43s dup 0.69 ≈ 0.31x
    395.64-  396.33  0.68s dup 0.83 ≈ 0.17x
    396.73-  397.40  0.67s dup 0.70 ≈ 0.30x
    402.29-  402.69  0.40s dup 0.71 ≈ 0.29x
