[youtube:tab] Extracting URL: https://www.youtube.com/@AffanAfterhours/videos
[youtube:tab] @AffanAfterhours/videos: Downloading webpage
[download] Downloading playlist: Affan Afterhours - Videos
[info] Writing playlist metadata as JSON to: UC9qRE5Fj2T3RQaHJ3hMi1hQ.info.json
[youtube:tab] Playlist Affan Afterhours - Videos: Downloading 14 items of 14
[download] Downloading item 1 of 14
[youtube] Extracting URL: https://www.youtube.com/watch?v=EsnIehnZUhs
[youtube] EsnIehnZUhs: Downloading webpage
[youtube] EsnIehnZUhs: Downloading visionos player API JSON
[youtube] EsnIehnZUhs: Downloading m3u8 information
[info] EsnIehnZUhs: Downloading 1 format(s): 299+251-4
[info] Writing video metadata as JSON to: EsnIehnZUhs.info.json
[download] Downloading item 2 of 14
[youtube] Extracting URL: https://www.youtube.com/watch?v=KQxJ31R-vm8
[youtube] KQxJ31R-vm8: Downloading webpage
[youtube] KQxJ31R-vm8: Downloading visionos player API JSON
[youtube] KQxJ31R-vm8: Downloading m3u8 information
[info] KQxJ31R-vm8: Downloading 1 format(s): 399+251-5
[info] Writing video metadata as JSON to: KQxJ31R-vm8.info.json
[download] Downloading item 3 of 14
[youtube] Extracting URL: https://www.youtube.com/watch?v=93KuWYggTyg
[youtube] 93KuWYggTyg: Downloading webpage
[youtube] 93KuWYggTyg: Downloading visionos player API JSON
[youtube] 93KuWYggTyg: Downloading m3u8 information
[info] 93KuWYggTyg: Downloading 1 format(s): 399+251-7
[info] Writing video metadata as JSON to: 93KuWYggTyg.info.json
[download] Downloading item 4 of 14
[youtube] Extracting URL: https://www.youtube.com/watch?v=gLCK4uOzxMw
[youtube] gLCK4uOzxMw: Downloading webpage
[youtube] gLCK4uOzxMw: Downloading visionos player API JSON
[youtube] gLCK4uOzxMw: Downloading m3u8 information
[info] gLCK4uOzxMw: Downloading 1 format(s): 399+251-7
[info] Writing video metadata as JSON to: gLCK4uOzxMw.info.json
[download] Downloading item 5 of 14
[youtube] Extracting URL: https://www.youtube.com/watch?v=Ob858QBPkMM
[youtube] Ob858QBPkMM: Downloading webpage
[youtube] Ob858QBPkMM: Downloading visionos player API JSON
[youtube] Ob858QBPkMM: Downloading m3u8 information
[info] Ob858QBPkMM: Downloading 1 format(s): 399+251-7
[info] Writing video metadata as JSON to: Ob858QBPkMM.info.json
[download] Downloading item 6 of 14
[youtube] Extracting URL: https://www.youtube.com/watch?v=LC2h4tBCX0U
[youtube] LC2h4tBCX0U: Downloading webpage
[youtube] LC2h4tBCX0U: Downloading visionos player API JSON
[youtube] LC2h4tBCX0U: Downloading m3u8 information
[info] LC2h4tBCX0U: Downloading 1 format(s): 399+251
[info] Writing video metadata as JSON to: LC2h4tBCX0U.info.json
[download] Downloading item 7 of 14
[youtube] Extracting URL: https://www.youtube.com/watch?v=ZEDhaEk79I4
[youtube] ZEDhaEk79I4: Downloading webpage
[youtube] ZEDhaEk79I4: Downloading visionos player API JSON
[youtube] ZEDhaEk79I4: Downloading m3u8 information
[info] ZEDhaEk79I4: Downloading 1 format(s): 399+251-7
[info] Writing video metadata as JSON to: ZEDhaEk79I4.info.json
[download] Downloading item 8 of 14
[youtube] Extracting URL: https://www.youtube.com/watch?v=fqxHPE3d-2M
[youtube] fqxHPE3d-2M: Downloading webpage
[youtube] fqxHPE3d-2M: Downloading visionos player API JSON
[youtube] fqxHPE3d-2M: Downloading m3u8 information
[info] fqxHPE3d-2M: Downloading 1 format(s): 399+251-1
[info] Writing video metadata as JSON to: fqxHPE3d-2M.info.json
[download] Downloading item 9 of 14
[youtube] Extracting URL: https://www.youtube.com/watch?v=oiVSr0wHksc
[youtube] oiVSr0wHksc: Downloading webpage
[youtube] oiVSr0wHksc: Downloading visionos player API JSON
[youtube] oiVSr0wHksc: Downloading m3u8 information
[info] oiVSr0wHksc: Downloading 1 format(s): 399+251
[info] Writing video metadata as JSON to: oiVSr0wHksc.info.json
[download] Downloading item 10 of 14
[youtube] Extracting URL: https://www.youtube.com/watch?v=n6Cd0HKsnZM
[youtube] n6Cd0HKsnZM: Downloading webpage
[youtube] n6Cd0HKsnZM: Downloading visionos player API JSON
[youtube] n6Cd0HKsnZM: Downloading m3u8 information
[info] n6Cd0HKsnZM: Downloading 1 format(s): 399+251
[info] Writing video metadata as JSON to: n6Cd0HKsnZM.info.json
[download] Downloading item 11 of 14
[youtube] Extracting URL: https://www.youtube.com/watch?v=QHrUZyUhQD8
[youtube] QHrUZyUhQD8: Downloading webpage
[youtube] QHrUZyUhQD8: Downloading visionos player API JSON
[youtube] QHrUZyUhQD8: Downloading m3u8 information
[info] QHrUZyUhQD8: Downloading 1 format(s): 399+251
[info] Writing video metadata as JSON to: QHrUZyUhQD8.info.json
[download] Downloading item 12 of 14
[youtube] Extracting URL: https://www.youtube.com/watch?v=kVsCNiR2ak8
[youtube] kVsCNiR2ak8: Downloading webpage
[youtube] kVsCNiR2ak8: Downloading visionos player API JSON
[youtube] kVsCNiR2ak8: Downloading m3u8 information
[info] kVsCNiR2ak8: Downloading 1 format(s): 399+251-7
[info] Writing video metadata as JSON to: kVsCNiR2ak8.info.json
[download] Downloading item 13 of 14
[youtube] Extracting URL: https://www.youtube.com/watch?v=Ao9LCMfZFaI
[youtube] Ao9LCMfZFaI: Downloading webpage
[youtube] Ao9LCMfZFaI: Downloading visionos player API JSON
[youtube] Ao9LCMfZFaI: Downloading m3u8 information
[info] Ao9LCMfZFaI: Downloading 1 format(s): 399+251
[info] Writing video metadata as JSON to: Ao9LCMfZFaI.info.json
[download] Downloading item 14 of 14
[youtube] Extracting URL: https://www.youtube.com/watch?v=0-w6zC0X4Lo
[youtube] 0-w6zC0X4Lo: Downloading webpage
[youtube] 0-w6zC0X4Lo: Downloading visionos player API JSON
[youtube] 0-w6zC0X4Lo: Downloading m3u8 information
[info] 0-w6zC0X4Lo: Downloading 1 format(s): 399+251
[info] Writing video metadata as JSON to: 0-w6zC0X4Lo.info.json
[info] Writing updated playlist metadata as JSON to: UC9qRE5Fj2T3RQaHJ3hMi1hQ.info.json
[download] Finished downloading playlist: Affan Afterhours - Videos
