[youtube:tab] Extracting URL: https://www.youtube.com/@AffanAfterhours/shorts
[youtube:tab] @AffanAfterhours/shorts: Downloading webpage
[download] Downloading playlist: Affan Afterhours - Shorts
[info] Writing playlist metadata as JSON to: short-UC9qRE5Fj2T3RQaHJ3hMi1hQ.info.json
[youtube:tab] Playlist Affan Afterhours - Shorts: Downloading 43 items of 43
[download] Downloading item 1 of 43
[youtube] Extracting URL: https://www.youtube.com/shorts/V_S4T8KIz9U
[youtube] V_S4T8KIz9U: Downloading webpage
[youtube] V_S4T8KIz9U: Downloading visionos player API JSON
[youtube] V_S4T8KIz9U: Downloading m3u8 information
[info] V_S4T8KIz9U: Downloading 1 format(s): 399+251-7
[info] Writing video metadata as JSON to: short-V_S4T8KIz9U.info.json
[download] Downloading item 2 of 43
[youtube] Extracting URL: https://www.youtube.com/shorts/WXUoPBk-yMA
[youtube] WXUoPBk-yMA: Downloading webpage
[youtube] WXUoPBk-yMA: Downloading visionos player API JSON
[youtube] WXUoPBk-yMA: Downloading m3u8 information
[info] WXUoPBk-yMA: Downloading 1 format(s): 399+251-7
[info] Writing video metadata as JSON to: short-WXUoPBk-yMA.info.json
[download] Downloading item 3 of 43
[youtube] Extracting URL: https://www.youtube.com/shorts/HthyRQbAOLA
[youtube] HthyRQbAOLA: Downloading webpage
[youtube] HthyRQbAOLA: Downloading visionos player API JSON
[youtube] HthyRQbAOLA: Downloading m3u8 information
[info] HthyRQbAOLA: Downloading 1 format(s): 399+251-7
[info] Writing video metadata as JSON to: short-HthyRQbAOLA.info.json
[download] Downloading item 4 of 43
[youtube] Extracting URL: https://www.youtube.com/shorts/6PZY1RGH1Qg
[youtube] 6PZY1RGH1Qg: Downloading webpage
[youtube] 6PZY1RGH1Qg: Downloading visionos player API JSON
[youtube] 6PZY1RGH1Qg: Downloading m3u8 information
[info] 6PZY1RGH1Qg: Downloading 1 format(s): 399+251
[info] Writing video metadata as JSON to: short-6PZY1RGH1Qg.info.json
[download] Downloading item 5 of 43
[youtube] Extracting URL: https://www.youtube.com/shorts/8vFCz_OE-sI
[youtube] 8vFCz_OE-sI: Downloading webpage
[youtube] 8vFCz_OE-sI: Downloading visionos player API JSON
[youtube] 8vFCz_OE-sI: Downloading m3u8 information
[info] 8vFCz_OE-sI: Downloading 1 format(s): 399+251
[info] Writing video metadata as JSON to: short-8vFCz_OE-sI.info.json
[download] Downloading item 6 of 43
[youtube] Extracting URL: https://www.youtube.com/shorts/y_DThz7qyH8
[youtube] y_DThz7qyH8: Downloading webpage
[youtube] y_DThz7qyH8: Downloading visionos player API JSON
[youtube] y_DThz7qyH8: Downloading m3u8 information
[info] y_DThz7qyH8: Downloading 1 format(s): 399+251
[info] Writing video metadata as JSON to: short-y_DThz7qyH8.info.json
[download] Downloading item 7 of 43
[youtube] Extracting URL: https://www.youtube.com/shorts/C1rhM8TB-dU
[youtube] C1rhM8TB-dU: Downloading webpage
[youtube] C1rhM8TB-dU: Downloading visionos player API JSON
[youtube] C1rhM8TB-dU: Downloading m3u8 information
[info] C1rhM8TB-dU: Downloading 1 format(s): 399+251
[info] Writing video metadata as JSON to: short-C1rhM8TB-dU.info.json
[download] Downloading item 8 of 43
[youtube] Extracting URL: https://www.youtube.com/shorts/dKgycRq7tvc
[youtube] dKgycRq7tvc: Downloading webpage
[youtube] dKgycRq7tvc: Downloading visionos player API JSON
[youtube] dKgycRq7tvc: Downloading m3u8 information
[info] dKgycRq7tvc: Downloading 1 format(s): 399+251
[info] Writing video metadata as JSON to: short-dKgycRq7tvc.info.json
[download] Downloading item 9 of 43
[youtube] Extracting URL: https://www.youtube.com/shorts/X5YyaLy8mYw
[youtube] X5YyaLy8mYw: Downloading webpage
[youtube] X5YyaLy8mYw: Downloading visionos player API JSON
[youtube] X5YyaLy8mYw: Downloading m3u8 information
[info] X5YyaLy8mYw: Downloading 1 format(s): 399+251
[info] Writing video metadata as JSON to: short-X5YyaLy8mYw.info.json
[download] Downloading item 10 of 43
[youtube] Extracting URL: https://www.youtube.com/shorts/Vpo_FXFILcE
[youtube] Vpo_FXFILcE: Downloading webpage
[youtube] Vpo_FXFILcE: Downloading visionos player API JSON
[youtube] Vpo_FXFILcE: Downloading m3u8 information
[info] Vpo_FXFILcE: Downloading 1 format(s): 399+251
[info] Writing video metadata as JSON to: short-Vpo_FXFILcE.info.json
[download] Downloading item 11 of 43
[youtube] Extracting URL: https://www.youtube.com/shorts/BLyI424n8iU
[youtube] BLyI424n8iU: Downloading webpage
[youtube] BLyI424n8iU: Downloading visionos player API JSON
[youtube] BLyI424n8iU: Downloading m3u8 information
[info] BLyI424n8iU: Downloading 1 format(s): 399+251
[info] Writing video metadata as JSON to: short-BLyI424n8iU.info.json
[download] Downloading item 12 of 43
[youtube] Extracting URL: https://www.youtube.com/shorts/DThlMFBV2pE
[youtube] DThlMFBV2pE: Downloading webpage
[youtube] DThlMFBV2pE: Downloading visionos player API JSON
[youtube] DThlMFBV2pE: Downloading m3u8 information
[info] DThlMFBV2pE: Downloading 1 format(s): 399+251
[info] Writing video metadata as JSON to: short-DThlMFBV2pE.info.json
[download] Downloading item 13 of 43
[youtube] Extracting URL: https://www.youtube.com/shorts/iK7Cdf7IWcw
[youtube] iK7Cdf7IWcw: Downloading webpage
[youtube] iK7Cdf7IWcw: Downloading visionos player API JSON
[youtube] iK7Cdf7IWcw: Downloading m3u8 information
[info] iK7Cdf7IWcw: Downloading 1 format(s): 399+251
[info] Writing video metadata as JSON to: short-iK7Cdf7IWcw.info.json
[download] Downloading item 14 of 43
[youtube] Extracting URL: https://www.youtube.com/shorts/b24QmYXhPcs
[youtube] b24QmYXhPcs: Downloading webpage
[youtube] b24QmYXhPcs: Downloading visionos player API JSON
[youtube] b24QmYXhPcs: Downloading m3u8 information
[info] b24QmYXhPcs: Downloading 1 format(s): 399+251
[info] Writing video metadata as JSON to: short-b24QmYXhPcs.info.json
[download] Downloading item 15 of 43
[youtube] Extracting URL: https://www.youtube.com/shorts/jwveLv7ciTs
[youtube] jwveLv7ciTs: Downloading webpage
[youtube] jwveLv7ciTs: Downloading visionos player API JSON
[youtube] jwveLv7ciTs: Downloading m3u8 information
[info] jwveLv7ciTs: Downloading 1 format(s): 399+251
[info] Writing video metadata as JSON to: short-jwveLv7ciTs.info.json
[download] Downloading item 16 of 43
[youtube] Extracting URL: https://www.youtube.com/shorts/7iBkKB_77Hg
[youtube] 7iBkKB_77Hg: Downloading webpage
[youtube] 7iBkKB_77Hg: Downloading visionos player API JSON
[youtube] 7iBkKB_77Hg: Downloading m3u8 information
[info] 7iBkKB_77Hg: Downloading 1 format(s): 399+251
[info] Writing video metadata as JSON to: short-7iBkKB_77Hg.info.json
[download] Downloading item 17 of 43
[youtube] Extracting URL: https://www.youtube.com/shorts/Ijr5YUPdB8I
[youtube] Ijr5YUPdB8I: Downloading webpage
[youtube] Ijr5YUPdB8I: Downloading visionos player API JSON
[youtube] Ijr5YUPdB8I: Downloading m3u8 information
[info] Ijr5YUPdB8I: Downloading 1 format(s): 399+251
[info] Writing video metadata as JSON to: short-Ijr5YUPdB8I.info.json
[download] Downloading item 18 of 43
[youtube] Extracting URL: https://www.youtube.com/shorts/dXDqmdChYgk
[youtube] dXDqmdChYgk: Downloading webpage
[youtube] dXDqmdChYgk: Downloading visionos player API JSON
[youtube] dXDqmdChYgk: Downloading m3u8 information
[info] dXDqmdChYgk: Downloading 1 format(s): 399+251
[info] Writing video metadata as JSON to: short-dXDqmdChYgk.info.json
[download] Downloading item 19 of 43
[youtube] Extracting URL: https://www.youtube.com/shorts/FFu-9tZxw5U
[youtube] FFu-9tZxw5U: Downloading webpage
[youtube] FFu-9tZxw5U: Downloading visionos player API JSON
[youtube] FFu-9tZxw5U: Downloading m3u8 information
[info] FFu-9tZxw5U: Downloading 1 format(s): 399+251
[info] Writing video metadata as JSON to: short-FFu-9tZxw5U.info.json
[download] Downloading item 20 of 43
[youtube] Extracting URL: https://www.youtube.com/shorts/fnDclRbb664
[youtube] fnDclRbb664: Downloading webpage
[youtube] fnDclRbb664: Downloading visionos player API JSON
[youtube] fnDclRbb664: Downloading m3u8 information
[info] fnDclRbb664: Downloading 1 format(s): 399+251
[info] Writing video metadata as JSON to: short-fnDclRbb664.info.json
[download] Downloading item 21 of 43
[youtube] Extracting URL: https://www.youtube.com/shorts/V56NmDwNatg
[youtube] V56NmDwNatg: Downloading webpage
[youtube] V56NmDwNatg: Downloading visionos player API JSON
[youtube] V56NmDwNatg: Downloading m3u8 information
[info] V56NmDwNatg: Downloading 1 format(s): 399+251
[info] Writing video metadata as JSON to: short-V56NmDwNatg.info.json
[download] Downloading item 22 of 43
[youtube] Extracting URL: https://www.youtube.com/shorts/OKctbEBmJxM
[youtube] OKctbEBmJxM: Downloading webpage
[youtube] OKctbEBmJxM: Downloading visionos player API JSON
[youtube] OKctbEBmJxM: Downloading m3u8 information
[info] OKctbEBmJxM: Downloading 1 format(s): 399+251
[info] Writing video metadata as JSON to: short-OKctbEBmJxM.info.json
[download] Downloading item 23 of 43
[youtube] Extracting URL: https://www.youtube.com/shorts/P6kR7hXI0Q8
[youtube] P6kR7hXI0Q8: Downloading webpage
[youtube] P6kR7hXI0Q8: Downloading visionos player API JSON
[youtube] P6kR7hXI0Q8: Downloading m3u8 information
[info] P6kR7hXI0Q8: Downloading 1 format(s): 399+251
[info] Writing video metadata as JSON to: short-P6kR7hXI0Q8.info.json
[download] Downloading item 24 of 43
[youtube] Extracting URL: https://www.youtube.com/shorts/XwZQagbMTV4
[youtube] XwZQagbMTV4: Downloading webpage
[youtube] XwZQagbMTV4: Downloading visionos player API JSON
[youtube] XwZQagbMTV4: Downloading m3u8 information
[info] XwZQagbMTV4: Downloading 1 format(s): 399+251
[info] Writing video metadata as JSON to: short-XwZQagbMTV4.info.json
[download] Downloading item 25 of 43
[youtube] Extracting URL: https://www.youtube.com/shorts/IIA7jzlX0E0
[youtube] IIA7jzlX0E0: Downloading webpage
[youtube] IIA7jzlX0E0: Downloading visionos player API JSON
[youtube] IIA7jzlX0E0: Downloading m3u8 information
[info] IIA7jzlX0E0: Downloading 1 format(s): 399+251
[info] Writing video metadata as JSON to: short-IIA7jzlX0E0.info.json
[download] Downloading item 26 of 43
[youtube] Extracting URL: https://www.youtube.com/shorts/-b-tfRlD_hI
[youtube] -b-tfRlD_hI: Downloading webpage
[youtube] -b-tfRlD_hI: Downloading visionos player API JSON
[youtube] -b-tfRlD_hI: Downloading m3u8 information
[info] -b-tfRlD_hI: Downloading 1 format(s): 399+251
[info] Writing video metadata as JSON to: short--b-tfRlD_hI.info.json
[download] Downloading item 27 of 43
[youtube] Extracting URL: https://www.youtube.com/shorts/Sy5-SnmYuIU
[youtube] Sy5-SnmYuIU: Downloading webpage
[youtube] Sy5-SnmYuIU: Downloading visionos player API JSON
[youtube] Sy5-SnmYuIU: Downloading m3u8 information
[info] Sy5-SnmYuIU: Downloading 1 format(s): 399+251
[info] Writing video metadata as JSON to: short-Sy5-SnmYuIU.info.json
[download] Downloading item 28 of 43
[youtube] Extracting URL: https://www.youtube.com/shorts/jxGe7cBJfug
[youtube] jxGe7cBJfug: Downloading webpage
[youtube] jxGe7cBJfug: Downloading visionos player API JSON
[youtube] jxGe7cBJfug: Downloading m3u8 information
[info] jxGe7cBJfug: Downloading 1 format(s): 399+251
[info] Writing video metadata as JSON to: short-jxGe7cBJfug.info.json
[download] Downloading item 29 of 43
[youtube] Extracting URL: https://www.youtube.com/shorts/kCRg2gngpwo
[youtube] kCRg2gngpwo: Downloading webpage
[youtube] kCRg2gngpwo: Downloading visionos player API JSON
[youtube] kCRg2gngpwo: Downloading m3u8 information
[info] kCRg2gngpwo: Downloading 1 format(s): 399+251
[info] Writing video metadata as JSON to: short-kCRg2gngpwo.info.json
[download] Downloading item 30 of 43
[youtube] Extracting URL: https://www.youtube.com/shorts/Yaoi7rWLpXE
[youtube] Yaoi7rWLpXE: Downloading webpage
[youtube] Yaoi7rWLpXE: Downloading visionos player API JSON
[youtube] Yaoi7rWLpXE: Downloading m3u8 information
[info] Yaoi7rWLpXE: Downloading 1 format(s): 399+251
[info] Writing video metadata as JSON to: short-Yaoi7rWLpXE.info.json
[download] Downloading item 31 of 43
[youtube] Extracting URL: https://www.youtube.com/shorts/InOZOzMcXq8
[youtube] InOZOzMcXq8: Downloading webpage
[youtube] InOZOzMcXq8: Downloading visionos player API JSON
[youtube] InOZOzMcXq8: Downloading m3u8 information
[info] InOZOzMcXq8: Downloading 1 format(s): 399+251
[info] Writing video metadata as JSON to: short-InOZOzMcXq8.info.json
[download] Downloading item 32 of 43
[youtube] Extracting URL: https://www.youtube.com/shorts/mooEIFZZ9AA
[youtube] mooEIFZZ9AA: Downloading webpage
[youtube] mooEIFZZ9AA: Downloading visionos player API JSON
[youtube] mooEIFZZ9AA: Downloading m3u8 information
[info] mooEIFZZ9AA: Downloading 1 format(s): 399+251
[info] Writing video metadata as JSON to: short-mooEIFZZ9AA.info.json
[download] Downloading item 33 of 43
[youtube] Extracting URL: https://www.youtube.com/shorts/QZjA_Hdzp4c
[youtube] QZjA_Hdzp4c: Downloading webpage
[youtube] QZjA_Hdzp4c: Downloading visionos player API JSON
[youtube] QZjA_Hdzp4c: Downloading m3u8 information
[info] QZjA_Hdzp4c: Downloading 1 format(s): 399+251
[info] Writing video metadata as JSON to: short-QZjA_Hdzp4c.info.json
[download] Downloading item 34 of 43
[youtube] Extracting URL: https://www.youtube.com/shorts/eYQxA5K8ywA
[youtube] eYQxA5K8ywA: Downloading webpage
[youtube] eYQxA5K8ywA: Downloading visionos player API JSON
[youtube] eYQxA5K8ywA: Downloading m3u8 information
[info] eYQxA5K8ywA: Downloading 1 format(s): 399+251
[info] Writing video metadata as JSON to: short-eYQxA5K8ywA.info.json
[download] Downloading item 35 of 43
[youtube] Extracting URL: https://www.youtube.com/shorts/DDQmKCcMeZY
[youtube] DDQmKCcMeZY: Downloading webpage
[youtube] DDQmKCcMeZY: Downloading visionos player API JSON
[youtube] DDQmKCcMeZY: Downloading m3u8 information
[info] DDQmKCcMeZY: Downloading 1 format(s): 399+251
[info] Writing video metadata as JSON to: short-DDQmKCcMeZY.info.json
[download] Downloading item 36 of 43
[youtube] Extracting URL: https://www.youtube.com/shorts/W7uKM16ijF4
[youtube] W7uKM16ijF4: Downloading webpage
[youtube] W7uKM16ijF4: Downloading visionos player API JSON
[youtube] W7uKM16ijF4: Downloading m3u8 information
[info] W7uKM16ijF4: Downloading 1 format(s): 399+251
[info] Writing video metadata as JSON to: short-W7uKM16ijF4.info.json
[download] Downloading item 37 of 43
[youtube] Extracting URL: https://www.youtube.com/shorts/AxYzZ5A1vKY
[youtube] AxYzZ5A1vKY: Downloading webpage
[youtube] AxYzZ5A1vKY: Downloading visionos player API JSON
[youtube] AxYzZ5A1vKY: Downloading m3u8 information
[info] AxYzZ5A1vKY: Downloading 1 format(s): 399+251
[info] Writing video metadata as JSON to: short-AxYzZ5A1vKY.info.json
[download] Downloading item 38 of 43
[youtube] Extracting URL: https://www.youtube.com/shorts/6QBTB-OwoWM
[youtube] 6QBTB-OwoWM: Downloading webpage
[youtube] 6QBTB-OwoWM: Downloading visionos player API JSON
[youtube] 6QBTB-OwoWM: Downloading m3u8 information
[info] 6QBTB-OwoWM: Downloading 1 format(s): 399+251
[info] Writing video metadata as JSON to: short-6QBTB-OwoWM.info.json
[download] Downloading item 39 of 43
[youtube] Extracting URL: https://www.youtube.com/shorts/y6Fgk0R1pek
[youtube] y6Fgk0R1pek: Downloading webpage
[youtube] y6Fgk0R1pek: Downloading visionos player API JSON
[youtube] y6Fgk0R1pek: Downloading m3u8 information
[info] y6Fgk0R1pek: Downloading 1 format(s): 399+251
[info] Writing video metadata as JSON to: short-y6Fgk0R1pek.info.json
[download] Downloading item 40 of 43
[youtube] Extracting URL: https://www.youtube.com/shorts/3QAYM_Exy1Q
[youtube] 3QAYM_Exy1Q: Downloading webpage
[youtube] 3QAYM_Exy1Q: Downloading visionos player API JSON
[youtube] 3QAYM_Exy1Q: Downloading m3u8 information
[info] 3QAYM_Exy1Q: Downloading 1 format(s): 399+251
[info] Writing video metadata as JSON to: short-3QAYM_Exy1Q.info.json
[download] Downloading item 41 of 43
[youtube] Extracting URL: https://www.youtube.com/shorts/jjI1pFoUlwc
[youtube] jjI1pFoUlwc: Downloading webpage
[youtube] jjI1pFoUlwc: Downloading visionos player API JSON
[youtube] jjI1pFoUlwc: Downloading m3u8 information
[info] jjI1pFoUlwc: Downloading 1 format(s): 399+251
[info] Writing video metadata as JSON to: short-jjI1pFoUlwc.info.json
[download] Downloading item 42 of 43
[youtube] Extracting URL: https://www.youtube.com/shorts/d8vAWXK4dJA
[youtube] d8vAWXK4dJA: Downloading webpage
[youtube] d8vAWXK4dJA: Downloading visionos player API JSON
[youtube] d8vAWXK4dJA: Downloading m3u8 information
[info] d8vAWXK4dJA: Downloading 1 format(s): 399+251
[info] Writing video metadata as JSON to: short-d8vAWXK4dJA.info.json
[download] Downloading item 43 of 43
[youtube] Extracting URL: https://www.youtube.com/shorts/yDk0oN_k_EA
[youtube] yDk0oN_k_EA: Downloading webpage
[youtube] yDk0oN_k_EA: Downloading visionos player API JSON
[youtube] yDk0oN_k_EA: Downloading m3u8 information
[info] yDk0oN_k_EA: Downloading 1 format(s): 399+251
[info] Writing video metadata as JSON to: short-yDk0oN_k_EA.info.json
[info] Writing updated playlist metadata as JSON to: short-UC9qRE5Fj2T3RQaHJ3hMi1hQ.info.json
[download] Finished downloading playlist: Affan Afterhours - Shorts
