18942 frames @ 60.00 · 36 slowed/still runs
      0.00-    1.87  1.87s dup 0.63 ≈ 0.37x
      6.58-   11.08  4.50s dup 0.97 ≈ 0.03x
     18.25-   19.58  1.33s dup 0.49 ≈ 0.51x
     20.90-   24.50  3.60s dup 0.49 ≈ 0.51x
     28.37-   34.80  6.43s dup 0.86 ≈ 0.14x
     36.42-   38.12  1.70s dup 0.93 ≈ 0.07x
     42.43-   47.43  5.00s dup 0.98 ≈ 0.02x
     54.30-   58.45  4.15s dup 0.97 ≈ 0.03x
     78.37-   79.05  0.68s dup 0.73 ≈ 0.27x
     82.83-   84.88  2.05s dup 0.49 ≈ 0.51x
    101.50-  112.50 11.00s dup 0.99 ≈ 0.01x
    116.55-  120.12  3.57s dup 0.50 ≈ 0.50x
    120.52-  121.33  0.82s dup 0.76 ≈ 0.24x
    121.70-  122.20  0.50s dup 0.73 ≈ 0.27x
    124.17-  124.65  0.48s dup 0.76 ≈ 0.24x
    144.45-  147.70  3.25s dup 0.95 ≈ 0.05x
    148.90-  149.37  0.47s dup 0.75 ≈ 0.25x
    151.48-  155.15  3.67s dup 0.50 ≈ 0.50x
    157.35-  157.82  0.47s dup 0.71 ≈ 0.29x
    159.20-  163.27  4.07s dup 0.97 ≈ 0.03x
    165.35-  168.00  2.65s dup 0.93 ≈ 0.07x
    175.85-  183.93  8.08s dup 0.96 ≈ 0.04x
    185.77-  186.27  0.50s dup 0.73 ≈ 0.27x
    196.13-  197.43  1.30s dup 0.59 ≈ 0.41x
    201.47-  207.87  6.40s dup 0.97 ≈ 0.03x
    214.18-  217.13  2.95s dup 0.94 ≈ 0.06x
    236.85-  237.28  0.43s dup 0.69 ≈ 0.31x
    241.55-  245.10  3.55s dup 0.97 ≈ 0.03x
    254.13-  257.08  2.95s dup 0.50 ≈ 0.50x
    262.47-  263.62  1.15s dup 0.86 ≈ 0.14x
    265.22-  265.70  0.48s dup 0.76 ≈ 0.24x
    271.35-  271.82  0.47s dup 0.68 ≈ 0.32x
    276.85-  284.22  7.37s dup 0.98 ≈ 0.02x
    294.93-  295.38  0.45s dup 0.63 ≈ 0.37x
    296.82-  299.25  2.43s dup 0.95 ≈ 0.05x
    313.10-  314.05  0.95s dup 0.79 ≈ 0.21x
