21949 frames @ 59.94 · 81 slowed/still runs
      0.10-    4.74  4.64s dup 0.50 ≈ 0.50x
      8.82-   12.06  3.24s dup 0.64 ≈ 0.36x
     13.00-   13.46  0.47s dup 0.75 ≈ 0.25x
     16.42-   20.82  4.40s dup 0.49 ≈ 0.51x
     23.09-   27.93  4.84s dup 0.51 ≈ 0.49x
     30.10-   30.58  0.48s dup 0.69 ≈ 0.31x
     33.53-   33.95  0.42s dup 0.48 ≈ 0.52x
     34.88-   39.04  4.15s dup 0.92 ≈ 0.08x
     40.06-   40.46  0.40s dup 0.50 ≈ 0.50x
     43.04-   43.94  0.90s dup 0.59 ≈ 0.41x
     45.38-   46.00  0.62s dup 0.78 ≈ 0.22x
     47.40-   47.83  0.43s dup 0.73 ≈ 0.27x
     48.53-   52.57  4.04s dup 0.97 ≈ 0.03x
     57.76-   58.64  0.88s dup 0.87 ≈ 0.13x
     58.86-   59.71  0.85s dup 0.80 ≈ 0.20x
     59.96-   64.03  4.07s dup 0.61 ≈ 0.39x
     65.78-   66.70  0.92s dup 0.71 ≈ 0.29x
     68.87-   71.20  2.34s dup 0.95 ≈ 0.05x
     78.25-   80.21  1.97s dup 0.50 ≈ 0.50x
     81.30-   81.83  0.53s dup 0.78 ≈ 0.22x
     88.37-   92.74  4.37s dup 0.97 ≈ 0.03x
     94.88-   95.76  0.88s dup 0.83 ≈ 0.17x
     98.48-   98.92  0.43s dup 0.73 ≈ 0.27x
     99.70-  100.15  0.45s dup 0.74 ≈ 0.26x
    102.17-  104.70  2.54s dup 0.50 ≈ 0.50x
    106.06-  106.46  0.40s dup 0.71 ≈ 0.29x
    107.26-  107.97  0.72s dup 0.79 ≈ 0.21x
    109.41-  109.89  0.48s dup 0.59 ≈ 0.41x
    113.41-  114.33  0.92s dup 0.87 ≈ 0.13x
    115.00-  117.63  2.64s dup 0.94 ≈ 0.06x
    119.65-  120.25  0.60s dup 0.81 ≈ 0.19x
    122.61-  127.01  4.40s dup 0.49 ≈ 0.51x
    130.26-  134.50  4.24s dup 0.52 ≈ 0.48x
    139.57-  146.75  7.17s dup 0.53 ≈ 0.47x
    147.66-  148.56  0.90s dup 0.80 ≈ 0.20x
    158.22-  172.31 14.08s dup 0.53 ≈ 0.47x
    175.43-  175.83  0.40s dup 0.50 ≈ 0.50x
    177.01-  177.48  0.47s dup 0.71 ≈ 0.29x
    180.61-  192.18 11.56s dup 0.56 ≈ 0.44x
    194.59-  195.65  1.05s dup 0.70 ≈ 0.30x
    196.85-  199.22  2.37s dup 0.95 ≈ 0.05x
    200.60-  201.49  0.88s dup 0.83 ≈ 0.17x
    202.22-  205.82  3.60s dup 0.68 ≈ 0.32x
    206.06-  206.51  0.45s dup 0.67 ≈ 0.33x
    208.49-  208.96  0.47s dup 0.61 ≈ 0.39x
    209.91-  216.63  6.72s dup 0.92 ≈ 0.08x
    218.65-  219.07  0.42s dup 0.72 ≈ 0.28x
    220.27-  223.69  3.42s dup 0.93 ≈ 0.07x
    226.16-  226.56  0.40s dup 0.71 ≈ 0.29x
    229.58-  233.65  4.07s dup 0.53 ≈ 0.47x
    244.24-  245.00  0.75s dup 0.84 ≈ 0.16x
    245.63-  246.20  0.57s dup 0.71 ≈ 0.29x
    246.33-  246.73  0.40s dup 0.54 ≈ 0.46x
    246.76-  248.13  1.37s dup 0.83 ≈ 0.17x
    249.12-  250.33  1.22s dup 0.68 ≈ 0.32x
    255.92-  257.04  1.12s dup 0.90 ≈ 0.10x
    257.61-  258.07  0.47s dup 0.64 ≈ 0.36x
    259.34-  259.81  0.47s dup 0.54 ≈ 0.46x
    266.02-  272.20  6.19s dup 0.60 ≈ 0.40x
    273.77-  274.64  0.87s dup 0.67 ≈ 0.33x
    279.51-  280.61  1.10s dup 0.82 ≈ 0.18x
    282.21-  286.19  3.97s dup 0.52 ≈ 0.48x
    287.05-  287.70  0.65s dup 0.77 ≈ 0.23x
    288.52-  289.49  0.97s dup 0.72 ≈ 0.28x
    290.64-  291.06  0.42s dup 0.72 ≈ 0.28x
    294.21-  294.64  0.43s dup 0.73 ≈ 0.27x
    297.80-  299.38  1.58s dup 0.84 ≈ 0.16x
    300.17-  300.62  0.45s dup 0.48 ≈ 0.52x
    309.07-  310.01  0.93s dup 0.70 ≈ 0.30x
    313.33-  314.06  0.73s dup 0.80 ≈ 0.20x
    317.68-  327.54  9.86s dup 0.75 ≈ 0.25x
    328.21-  328.81  0.60s dup 0.61 ≈ 0.39x
    331.88-  332.67  0.78s dup 0.74 ≈ 0.26x
    333.13-  340.54  7.41s dup 0.51 ≈ 0.49x
    343.86-  344.33  0.47s dup 0.71 ≈ 0.29x
    345.35-  346.46  1.12s dup 0.72 ≈ 0.28x
    348.00-  360.53 12.53s dup 0.67 ≈ 0.33x
    362.08-  362.66  0.58s dup 0.71 ≈ 0.29x
    363.88-  364.60  0.72s dup 0.84 ≈ 0.16x
    365.08-  365.48  0.40s dup 0.71 ≈ 0.29x
    365.75-  366.15  0.40s dup 0.71 ≈ 0.29x
