19941 frames @ 60.00 · 74 slowed/still runs
      1.68-    7.02  5.33s dup 0.62 ≈ 0.38x
     12.47-   14.38  1.92s dup 0.94 ≈ 0.06x
     15.55-   18.55  3.00s dup 0.56 ≈ 0.44x
     22.18-   26.55  4.37s dup 0.50 ≈ 0.50x
     29.02-   32.18  3.17s dup 0.55 ≈ 0.45x
     39.18-   43.78  4.60s dup 0.50 ≈ 0.50x
     44.02-   45.10  1.08s dup 0.55 ≈ 0.45x
     45.92-   46.58  0.67s dup 0.55 ≈ 0.45x
     48.80-   50.65  1.85s dup 0.94 ≈ 0.06x
     51.37-   52.32  0.95s dup 0.46 ≈ 0.54x
     53.55-   55.23  1.68s dup 0.64 ≈ 0.36x
     55.60-   56.00  0.40s dup 0.67 ≈ 0.33x
     58.15-   64.65  6.50s dup 0.58 ≈ 0.42x
     69.23-   71.90  2.67s dup 0.95 ≈ 0.05x
     81.27-   84.63  3.37s dup 0.50 ≈ 0.50x
     88.08-   88.63  0.55s dup 0.52 ≈ 0.48x
     92.02-   92.87  0.85s dup 0.53 ≈ 0.47x
     95.15-   99.43  4.28s dup 0.51 ≈ 0.49x
     99.82-  100.50  0.68s dup 0.73 ≈ 0.27x
    103.28-  105.20  1.92s dup 0.93 ≈ 0.07x
    114.08-  114.55  0.47s dup 0.68 ≈ 0.32x
    118.37-  119.18  0.82s dup 0.67 ≈ 0.33x
    119.33-  120.85  1.52s dup 0.65 ≈ 0.35x
    129.78-  130.38  0.60s dup 0.64 ≈ 0.36x
    136.43-  137.20  0.77s dup 0.61 ≈ 0.39x
    138.23-  138.97  0.73s dup 0.66 ≈ 0.34x
    139.88-  140.63  0.75s dup 0.47 ≈ 0.53x
    144.15-  146.03  1.88s dup 0.57 ≈ 0.43x
    148.92-  154.05  5.13s dup 0.53 ≈ 0.47x
    157.63-  158.62  0.98s dup 0.51 ≈ 0.49x
    159.00-  159.98  0.98s dup 0.64 ≈ 0.36x
    161.08-  161.70  0.62s dup 0.59 ≈ 0.41x
    162.22-  162.73  0.52s dup 0.68 ≈ 0.32x
    167.38-  168.50  1.12s dup 0.67 ≈ 0.33x
    172.55-  172.95  0.40s dup 0.46 ≈ 0.54x
    175.28-  176.05  0.77s dup 0.48 ≈ 0.52x
    176.67-  177.20  0.53s dup 0.53 ≈ 0.47x
    178.12-  185.38  7.27s dup 0.59 ≈ 0.41x
    186.20-  187.08  0.88s dup 0.45 ≈ 0.55x
    188.27-  188.90  0.63s dup 0.53 ≈ 0.47x
    202.80-  203.22  0.42s dup 0.36 ≈ 0.64x
    203.30-  204.32  1.02s dup 0.61 ≈ 0.39x
    204.77-  205.18  0.42s dup 0.52 ≈ 0.48x
    205.73-  206.87  1.13s dup 0.54 ≈ 0.46x
    209.45-  215.15  5.70s dup 0.50 ≈ 0.50x
    218.10-  220.60  2.50s dup 0.63 ≈ 0.37x
    220.65-  221.50  0.85s dup 0.57 ≈ 0.43x
    227.67-  229.32  1.65s dup 0.64 ≈ 0.36x
    230.88-  231.53  0.65s dup 0.51 ≈ 0.49x
    237.02-  238.35  1.33s dup 0.61 ≈ 0.39x
    238.40-  239.20  0.80s dup 0.62 ≈ 0.38x
    239.82-  243.53  3.72s dup 0.67 ≈ 0.33x
    246.00-  247.85  1.85s dup 0.77 ≈ 0.23x
    252.80-  253.35  0.55s dup 0.73 ≈ 0.27x
    256.47-  258.68  2.22s dup 0.53 ≈ 0.47x
    263.02-  263.57  0.55s dup 0.58 ≈ 0.42x
    265.58-  266.22  0.63s dup 0.71 ≈ 0.29x
    268.72-  271.28  2.57s dup 0.53 ≈ 0.47x
    272.55-  273.65  1.10s dup 0.62 ≈ 0.38x
    275.33-  283.72  8.38s dup 0.55 ≈ 0.45x
    288.15-  288.62  0.47s dup 0.43 ≈ 0.57x
    289.07-  294.12  5.05s dup 0.53 ≈ 0.47x
    295.92-  296.62  0.70s dup 0.55 ≈ 0.45x
    297.27-  299.85  2.58s dup 0.61 ≈ 0.39x
    301.47-  305.37  3.90s dup 0.50 ≈ 0.50x
    305.78-  306.67  0.88s dup 0.60 ≈ 0.40x
    309.35-  310.15  0.80s dup 0.65 ≈ 0.35x
    310.70-  311.57  0.87s dup 0.73 ≈ 0.27x
    311.80-  312.63  0.83s dup 0.70 ≈ 0.30x
    316.02-  318.20  2.18s dup 0.75 ≈ 0.25x
    318.90-  319.65  0.75s dup 0.56 ≈ 0.44x
    320.03-  320.43  0.40s dup 0.54 ≈ 0.46x
    321.75-  322.22  0.47s dup 0.50 ≈ 0.50x
    327.78-  328.43  0.65s dup 0.44 ≈ 0.56x
